// Jest Snapshot v1, https://goo.gl/fbAQLP

exports[`Something Something renders correctly - Error404 1`] = `
<div
  class="fixed-center text-center"
>
  <p>
    <img
      src="~assets/sad.svg"
      style="width: 30vw; max-width: 150px;"
    />
  </p>
   
  <p
    class="text-faded"
  >
    Sorry, nothing here...
    <strong>
      (404)
    </strong>
  </p>
   
  <q-btn-stub
    color="secondary"
    style="width: 200px;"
  >
    Go back
  </q-btn-stub>
</div>
`;

exports[`Something Something renders correctly - Index 1`] = `
<q-page-stub
  class="flex flex-center"
>
  <img
    alt="Quasar logo"
    src="~assets/quasar-logo-full.svg"
  />
</q-page-stub>
`;
